// Jest Snapshot v1, https://goo.gl/fbAQLP

exports[`AlertDialog Component Alert Dialog Snapshot 1`] = `
<DocumentFragment>
  <div
    aria-describedby="dialogDesc"
    aria-labelledby="dialogTitle"
    aria-modal="true"
    class="dialog-overlay"
    role="alertdialog"
    tabindex="-1"
  >
    <div
      class="dialog-content"
    >
      <h2
        id="dialogTitle"
      >
        Alert Title
      </h2>
      <p
        id="dialogDesc"
      >
        This is an important alert message.
      </p>
      <button>
        Close
      </button>
    </div>
  </div>
</DocumentFragment>
`;
