// Jest Snapshot v1, https://goo.gl/fbAQLP

exports[`Disclosure Component (APG disclosure pattern) matches the snapshot (closed) 1`] = `
<DocumentFragment>
  <div
    class="disclosure-widget"
  >
    <button
      aria-controls="disclosure-content"
      aria-expanded="false"
      class="disclosure-control"
    >
      More details
      <span
        class="indicator"
      >
        ▼
      </span>
    </button>
    <div
      class="disclosure-content hidden"
      id="disclosure-content"
    >
      Hidden content
    </div>
  </div>
</DocumentFragment>
`;
