// Jest Snapshot v1, https://goo.gl/fbAQLP

exports[`Switch Component (APG switch pattern) matches the snapshot 1`] = `
<DocumentFragment>
  <div
    class="switch-container"
  >
    <span
      class="switch-label-text"
      id="switch-label-:ra:"
    >
      Enable notifications
    </span>
    <span
      aria-checked="false"
      aria-labelledby="switch-label-:ra:"
      class="switch-control"
      role="switch"
      tabindex="0"
    >
      <span
        class="switch switch-off"
      />
    </span>
  </div>
</DocumentFragment>
`;
