// Jest Snapshot v1, https://goo.gl/fbAQLP

exports[`Switch Component (APG switch pattern) matches the snapshot 1`] = `
<DocumentFragment>
  <div
    class="switch-container"
  >
    <label>
      <span
        class="switch-label-text"
      >
        Enable notifications
      </span>
      <span
        aria-checked="false"
        class="switch-control"
        role="switch"
        tabindex="0"
      >
        <span
          class="switch switch-off"
        />
      </span>
    </label>
  </div>
</DocumentFragment>
`;
